[    2.010585] [49] Jan 01 00:00:01 Running in background

V851S RAM stage1 - USB shell; SSH root@10.77.0.1
[    2.011657] V851S RAM stage1: network startup attempted
~ #
~ # uname -a; cat /proc/meminfo; cat /proc/cmdline; dmesg; printf 'SHELL_PROOF_%
s\n' '3291bed6db551281'
Linux (none) 6.13.0-rc1-v851s-ram-stage1 #12 Thu Sep 24 23:31:43 UTC 2026 armv7l GNU/Linux
MemTotal:         123236 kB
MemFree:          115656 kB
MemAvailable:     114080 kB
Buffers:               0 kB
Cached:             2404 kB
SwapCached:            0 kB
Active:             2136 kB
Inactive:            468 kB
Active(anon):       2136 kB
Inactive(anon):      468 kB
Active(file):          0 kB
Inactive(file):        0 kB
Unevictable:           0 kB
Mlocked:               0 kB
SwapTotal:             0 kB
SwapFree:              0 kB
Dirty:                 0 kB
Writeback:             0 kB
AnonPages:           232 kB
Mapped:             1952 kB
Shmem:              2404 kB
KReclaimable:       1020 kB
Slab:               3660 kB
SReclaimable:       1020 kB
SUnreclaim:         2640 kB
KernelStack:         192 kB
PageTables:           60 kB
SecPageTables:         0 kB
NFS_Unstable:          0 kB
Bounce:                0 kB
WritebackTmp:          0 kB
CommitLimit:       61616 kB
Committed_AS:       3940 kB
VmallocTotal:     901120 kB
VmallocUsed:          16 kB
VmallocChunk:          0 kB
Percpu:               32 kB
rdinit=/init console=ttyGS0,115200 earlycon=uart8250,mmio32,0x02500000 loglevel=8 ignore_loglevel clk_ignore_unused panic=0
[    0.000000] Booting Linux on physical CPU 0x0
[    0.000000] Linux version 6.13.0-rc1-v851s-ram-stage1 (root@9c841909379f) (arm-linux-gnueabihf-gcc (Debian 12.2.0-14) 12.2.0, GNU ld (GNU Binutils for Debian) 2.40) #12 Thu Sep 24 23:31:43 UTC 2026
[    0.000000] CPU: ARMv7 Processor [410fc075] revision 5 (ARMv7), cr=10c53c7d
[    0.000000] CPU: PIPT / VIPT nonaliasing data cache, VIPT aliasing instruction cache
[    0.000000] OF: fdt: Machine model: V85x dongle RAM-only stage1
[    0.000000] earlycon: uart8250 at MMIO32 0x02500000 (options '')
[    0.000000] printk: legacy bootconsole [uart8250] enabled
[    0.000000] printk: debug: ignoring loglevel setting.
[    0.000000] Memory policy: Data cache writeback
[    0.000000] Zone ranges:
[    0.000000]   Normal   [mem 0x0000000040000000-0x0000000047ffffff]
[    0.000000] Movable zone start for each node
[    0.000000] Early memory node ranges
[    0.000000]   node   0: [mem 0x0000000040000000-0x0000000047ffffff]
[    0.000000] Initmem setup node 0 [mem 0x0000000040000000-0x0000000047ffffff]
[    0.000000] OF: reserved mem: 0x47f00000..0x47ffffff (1024 KiB) map non-reusable ramoops@47f00000
[    0.000000] CPU: All CPU(s) started in SVC mode.
[    0.000000] pcpu-alloc: s0 r0 d32768 u32768 alloc=1*32768
[    0.000000] pcpu-alloc: [0] 0
[    0.000000] Kernel command line: rdinit=/init console=ttyGS0,115200 earlycon=uart8250,mmio32,0x02500000 loglevel=8 ignore_loglevel clk_ignore_unused panic=0
[    0.000000] printk: log buffer data + meta data: 262144 + 819200 = 1081344 bytes
[    0.000000] Dentry cache hash table entries: 16384 (order: 4, 65536 bytes, linear)
[    0.000000] Inode-cache hash table entries: 8192 (order: 3, 32768 bytes, linear)
[    0.000000] Built 1 zonelists, mobility grouping on.  Total pages: 32768
[    0.000000] mem auto-init: stack:all(zero), heap alloc:off, heap free:off
[    0.000000] SLUB: HWalign=64, Order=0-3, MinObjects=0, CPUs=1, Nodes=1
[    0.000000] NR_IRQS: 16, nr_irqs: 16, preallocated irqs: 16
[    0.000000] arch_timer: cp15 timer(s) running at 24.00MHz (phys).
[    0.000000] clocksource: arch_sys_counter: mask: 0xffffffffffffff max_cycles: 0x588fe9dc0, max_idle_ns: 440795202592 ns
[    0.000003] sched_clock: 56 bits at 24MHz, resolution 41ns, wraps every 4398046511097ns
[    0.008817] Switching to timer-based delay loop, resolution 41ns
[    0.015686] clocksource: timer: mask: 0xffffffff max_cycles: 0xffffffff, max_idle_ns: 79635851949 ns
[    0.026400] Console: colour dummy device 80x30
[    0.031370] Calibrating delay loop (skipped), value calculated using timer frequency.. 48.00 BogoMIPS (lpj=240000)
[    0.042802] CPU: Testing write buffer coherency: ok
[    0.048222] pid_max: default: 32768 minimum: 301
[    0.053605] Mount-cache hash table entries: 1024 (order: 0, 4096 bytes, linear)
[    0.061672] Mountpoint-cache hash table entries: 1024 (order: 0, 4096 bytes, linear)
[    0.110417] Setting up static identity map for 0x40008240 - 0x4000827c
[    0.117969] Memory: 121092K/131072K available (3483K kernel code, 928K rwdata, 680K rodata, 164K init, 347K bss, 9548K reserved, 0K cma-reserved)
[    0.133039] devtmpfs: initialized
[    0.143590] VFP support v0.3: implementor 41 architecture 2 part 30 variant 7 rev 5
[    0.152255] clocksource: jiffies: mask: 0xffffffff max_cycles: 0xffffffff, max_idle_ns: 19112604462750000 ns
[    0.163130] futex hash table entries: 256 (order: -1, 3072 bytes, linear)
[    0.170713] pinctrl core: initialized pinctrl subsystem
[    0.178423] NET: Registered PF_NETLINK/PF_ROUTE protocol family
[    0.185802] DMA: preallocated 256 KiB pool for atomic coherent allocations
[    0.196133] printk: legacy console [ramoops-1] enabled
[    0.202267] pstore: Registered ramoops as persistent store backend
[    0.209117] ramoops: using 0x100000@0x47f00000, ecc: 0
[    0.218922] /soc: Fixed dependency cycle(s) with /soc/interrupt-controller@3021000
[    0.227458] /soc/interrupt-controller@3021000: Fixed dependency cycle(s) with /soc/interrupt-controller@3021000
[    0.238699] /soc/mixer@5100000: Fixed dependency cycle(s) with /soc/tcon-top@5460000
[    0.247279] /soc/tcon-top@5460000: Fixed dependency cycle(s) with /soc/lcd-controller@5461000
[    0.256703] /soc/tcon-top@5460000: Fixed dependency cycle(s) with /soc/mixer@5100000
[    0.265267] /soc/lcd-controller@5461000: Fixed dependency cycle(s) with /soc/tcon-top@5460000
[    0.278168] /soc/mixer@5100000: Fixed dependency cycle(s) with /soc/tcon-top@5460000
[    0.287450] /soc/mixer@5100000: Fixed dependency cycle(s) with /soc/tcon-top@5460000
[    0.296150] /soc/tcon-top@5460000: Fixed dependency cycle(s) with /soc/lcd-controller@5461000
[    0.305609] /soc/tcon-top@5460000: Fixed dependency cycle(s) with /soc/mixer@5100000
[    0.314616] /soc/tcon-top@5460000: Fixed dependency cycle(s) with /soc/lcd-controller@5461000
[    0.324208] /soc/lcd-controller@5461000: Fixed dependency cycle(s) with /soc/tcon-top@5460000
[    0.337908] clocksource: Switched to clocksource arch_sys_counter
[    0.362716] NET: Registered PF_INET protocol family
[    0.368597] IP idents hash table entries: 2048 (order: 2, 16384 bytes, linear)
[    0.377826] tcp_listen_portaddr_hash hash table entries: 1024 (order: 0, 4096 bytes, linear)
[    0.387236] Table-perturb hash table entries: 65536 (order: 6, 262144 bytes, linear)
[    0.395829] TCP established hash table entries: 1024 (order: 0, 4096 bytes, linear)
[    0.404314] TCP bind hash table entries: 1024 (order: 1, 8192 bytes, linear)
[    0.412135] TCP: Hash tables configured (established 1024 bind 1024)
[    0.419284] UDP hash table entries: 256 (order: 1, 8192 bytes, linear)
[    0.426532] UDP-Lite hash table entries: 256 (order: 1, 8192 bytes, linear)
[    0.434531] NET: Registered PF_UNIX/PF_LOCAL protocol family
[    0.442300] Unpacking initramfs...
[    0.519520] workingset: timestamp_bits=30 max_order=15 bucket_order=0
[    0.578083] Serial: 8250/16550 driver, 4 ports, IRQ sharing disabled
[    0.602209] sun6i-rtc 7090000.rtc: registered as rtc0
[    0.608625] NET: Registered PF_PACKET protocol family
[    0.661599] gpio gpiochip0: Static allocation of GPIO base is deprecated, use dynamic allocation.
[    0.707124] sun8i-v853-pinctrl 2000000.pinctrl: initialized sunXi PIO driver
[    0.715759] usb_phy_generic usb_phy_generic.1.auto: dummy supplies not allowed for exclusive requests (id=vbus)
[    0.768910] clk: Not disabling unused clocks
[    0.800204] Freeing initrd memory: 1548K
[    0.804734] Warning: unable to open an initial console.
[    0.811025] Freeing unused kernel image (initmem) memory: 164K
[    0.817459] Kernel memory protection not selected by kernel config.
[    0.824402] Run /init as init process
[    0.828465]   with arguments:
[    0.831733]     /init
[    0.834238]   with environment:
[    0.837694]     HOME=/
[    0.840311]     TERM=linux
[    0.884542] V851S RAM stage1: init started
[    0.895387] V851S init: descriptors set
[    0.905981] V851S init: strings set
[    0.914250] printk: legacy console [ttyGS0] enabled
[    0.919730] printk: legacy bootconsole [uart8250] disabled
[    0.926773] V851S init: ACM created
[    0.931800] V851S init: NCM created
[    0.932381] V851S init: NCM ifname set
[    0.933056] V851S init: NCM MACs set
[    0.942526] V851S init: functions linked
[    0.961199] configfs-gadget.v851s gadget.0: HOST MAC 02:1a:85:10:00:02
[    0.961283] configfs-gadget.v851s gadget.0: MAC 02:1a:85:10:00:01
[    0.961989] V851S RAM stage1: ACM+NCM bound to musb-hdrc.2.auto
[    2.010585] [49] Jan 01 00:00:01 Running in background
[    2.011657] V851S RAM stage1: network startup attempted
SHELL_PROOF_3291bed6db551281
